[Running] python -u "c:\Users\Vidhi\OneDrive\Desktop\ML practical\P3\P3.py"
Dataset Shape: (600, 11)

First 5 rows:
  SampleID CapShape CapColor    Odor  ... RingNumber  Habitat Population      Class
0    S0001     flat     gray    foul  ...        one    woods  scattered  poisonous
1    S0002   convex    brown  almond  ...       none  grasses    several     edible
2    S0003   convex     gray    none  ...        two   leaves  scattered  poisonous
3    S0004     flat   yellow    none  ...        one    woods   abundant  poisonous
4    S0005  knobbed     gray   fishy  ...        one    urban    several  poisonous

[5 rows x 11 columns]

Classes:
['edible' 'poisonous']

Training samples: 480
Testing samples: 120

======================================
CONFUSION MATRIX
======================================
[[35 16]
 [16 53]]

TN = 35
FP = 16
FN = 16
TP = 53

======================================
CLASSIFICATION METRICS
======================================
Accuracy = 0.7333333333333333
Accuracy (%) = 73.33333333333333
Error = 0.2666666666666667
Error (%) = 26.66666666666667
Recall = 0.7681159420289855
Specificity = 0.6862745098039216
F1-Score = 0.7681159420289855
AUC = 0.815004262574595

======================================
5-FOLD CROSS VALIDATION
======================================
Fold Accuracies: [0.85833333 0.725      0.81666667 0.79166667 0.75      ]
Mean CV Accuracy: 0.7883333333333333

[Done] exited with code=0 in 2.028 seconds

